#-----------------------------------------------------------
# Vivado v2024.1 (64-bit)
# SW Build 5076996 on Wed May 22 18:37:14 MDT 2024
# IP Build 5075265 on Wed May 22 21:45:21 MDT 2024
# SharedData Build 5076995 on Wed May 22 18:29:18 MDT 2024
# Start of session at: Wed Jul 31 21:00:41 2024
# Process ID: 6288
# Current directory: D:/dataD files/FPGA Lab/Lab6/ila
# Command line: vivado.exe -gui_launcher_event rodinguilauncherevent13940 D:\dataD files\FPGA Lab\Lab6\ila\ila.xpr
# Log file: D:/dataD files/FPGA Lab/Lab6/ila/vivado.log
# Journal file: D:/dataD files/FPGA Lab/Lab6/ila\vivado.jou
# Running On        :DESKTOP-PCROQGR
# Platform          :Windows Server 2016 or Windows 10
# Operating System  :22631
# Processor Detail  :Intel(R) Core(TM) i5-8265U CPU @ 1.60GHz
# CPU Frequency     :1800 MHz
# CPU Physical cores:4
# CPU Logical cores :8
# Host memory       :8471 MB
# Swap memory       :8115 MB
# Total Virtual     :16586 MB
# Available Virtual :2688 MB
#-----------------------------------------------------------
start_gui
open_project {D:/dataD files/FPGA Lab/Lab6/ila/ila.xpr}
upgrade_project -migrate_output_products
update_compile_order -fileset sources_1
